// Jest Snapshot v1, https://goo.gl/fbAQLP

exports[`<SeHome /> component renders component 1`] = `
Object {
  "wrapper": <SeLayout>
    <Content />
  </SeLayout>,
}
`;
