// Jest Snapshot v1, https://goo.gl/fbAQLP

exports[`<SeCard /> component renders component with props 1`] = `
<SeCard__Card>
  <SeCard__CardClickable
    aria-label="Navigate to undefined page"
    href="#"
  >
    <SeCard__CardProgramImage
      alt="Card image"
    />
    <SeCard__CardContent>
      <SeCard__CardContentImg
        alt="Seven logo"
      />
      <SeCard__CardContentTitle />
    </SeCard__CardContent>
  </SeCard__CardClickable>
</SeCard__Card>
`;

exports[`<SeCard /> component renders component with styles 1`] = `
.c0 {
  position: relative;
  width: 315px;
  height: 177px;
}

.c1 {
  width: 100%;
}

.c2 {
  background-color: rgb(0,0,0);
  background-color: rgba(0,0,0,0.6);
  height: 55px;
  padding: 0 6px;
  position: absolute;
  bottom: 0;
  left: 0;
  right: 0;
  display: -webkit-box;
  display: -webkit-flex;
  display: -ms-flexbox;
  display: flex;
  -webkit-align-items: center;
  -webkit-box-align: center;
  -ms-flex-align: center;
  align-items: center;
}

.c3 {
  width: 35px;
  height: 35px;
  margin-right: 6px;
}

.c4 {
  color: font-size:16px;
  font-weight: 700;
}

<div
  className="c0"
>
  <a
    aria-label="Navigate to undefined page"
    className=""
    href="#"
  >
    <img
      alt="Card image"
      className="c1"
    />
    <div
      className="c2"
    >
      <img
        alt="Seven logo"
        className="c3"
      />
      <p
        className="c4"
      />
    </div>
  </a>
</div>
`;
